--------- beginning of system
05-30 10:38:56.301  1556  2575 I ActivityManager: START u0 {flg=0x10000000 cmp=org.pharmapro.pharmapro/org.kivy.android.PythonActivity} from uid 2000
--------- beginning of main
05-30 10:38:56.316  1556  1556 I Binder:1556_14: type=1400 audit(0.0:814): avc: denied { call } for scontext=u:r:system_server:s0 tcontext=u:r:init:s0 tclass=binder permissive=1
05-30 10:38:56.338  1556  1570 W SchedPolicy: add_tid_to_cgroup failed to write '1899' (No space left on device); fd=24
05-30 10:38:56.340  2242  2242 I oid.coreservice: type=1400 audit(0.0:815): avc: denied { ioctl } for path="/dev/fastpipe" dev="tmpfs" ino=3120 ioctlcmd=6867 scontext=u:r:system_app:s0 tcontext=u:object_r:device:s0 tclass=chr_file permissive=1
05-30 10:38:56.343  3726  3726 I ldinit  : type=1400 audit(0.0:816): avc: denied { execute } for name="sh" dev="sda2" ino=1685 scontext=u:r:ldinit:s0 tcontext=u:object_r:shell_exec:s0 tclass=file permissive=1
05-30 10:38:56.343  3726  3726 I ldinit  : type=1400 audit(0.0:817): avc: denied { read open } for path="/system/bin/sh" dev="sda2" ino=1685 scontext=u:r:ldinit:s0 tcontext=u:object_r:shell_exec:s0 tclass=file permissive=1
05-30 10:38:56.343  3726  3726 I ldinit  : type=1400 audit(0.0:818): avc: denied { execute_no_trans } for path="/system/bin/sh" dev="sda2" ino=1685 scontext=u:r:ldinit:s0 tcontext=u:object_r:shell_exec:s0 tclass=file permissive=1
05-30 10:38:56.343  2242  2242 W ContextImpl: Calling a method in the system process without a qualified user: android.app.ContextImpl.startService:1531 android.content.ContextWrapper.startService:664 android.content.ContextWrapper.startService:664 com.android.coreservice.CoreBroadcastReceiver.onReceive:45 android.app.ActivityThread.handleReceiver:3424 
05-30 10:38:56.346  3726  3726 I sh      : type=1400 audit(0.0:819): avc: denied { getattr } for path="/system/bin/sh" dev="sda2" ino=1685 scontext=u:r:ldinit:s0 tcontext=u:object_r:shell_exec:s0 tclass=file permissive=1
05-30 10:38:56.349  1420  1420 D ldinit  : ld_exec_cmd am broadcast -a com.ldmnq.APP_FOREGROUND -p com.android.ld.appstore -f 32 --es package org.pharmapro.pharmapro --es pos pc
05-30 10:38:56.349  1420  1420 D ldinit  : result:
05-30 10:38:56.372  1420  1420 D ldinit  : Broadcasting: Intent { act=com.ldmnq.APP_FOREGROUND flg=0x400020 pkg=com.android.ld.appstore (has extras) }
05-30 10:38:56.388  1420  1420 D ldinit  : Broadcast completed: result=0
05-30 10:38:56.392  1420  1420 D ldinit  : ld_exec_cmd am broadcast -a com.ldmnq.APP_FOREGROUND -p com.ldmnq.launcher3 -f 32 --es package org.pharmapro.pharmapro --es pos pc
05-30 10:38:56.392  1420  1420 D ldinit  : result:
05-30 10:38:56.395  1394  1394 D libnativeloader: CrashArm64 config not exist or not readable: /system/vendor/firmware_mnt/nadnd/CrashArm64
05-30 10:38:56.397  1394  1394 I Zygote  : IsCopy  libcrashcatcher: 0
05-30 10:38:56.404  3731  3731 D nativebridge: PreInitializeNativeBridge name=zygote64 instruction_set=arm64
05-30 10:38:56.413  1420  1420 D ldinit  : Broadcasting: Intent { act=com.ldmnq.APP_FOREGROUND flg=0x400020 pkg=com.ldmnq.launcher3 (has extras) }
05-30 10:38:56.414  1556  1572 W ActivityManager: Slow operation: 52ms so far, now at startProcess: returned from zygote!
05-30 10:38:56.416  3731  3731 W nativebridge: Failed to bind-mount /data/local/cfg-nadnd/ as /proc/cpuinfo: Not a directory
05-30 10:38:56.432  2322  2392 D AppStartReceiver: action = com.ldmnq.APP_FOREGROUND, packageName = org.pharmapro.pharmapro, pos = pc
05-30 10:38:56.433  3731  3731 I Zygote  : seccomp disabled by setenforce 0
05-30 10:38:56.439  3731  3731 I mapro.pharmapr: Late-enabling -Xcheck:jni
05-30 10:38:56.449  1556  1572 W ActivityManager: Slow operation: 87ms so far, now at startProcess: done updating battery stats
05-30 10:38:56.449  1556  1572 W ActivityManager: Slow operation: 87ms so far, now at startProcess: building log message
05-30 10:38:56.449  1556  1572 I ActivityManager: Start proc 3731:org.pharmapro.pharmapro/u0a69 for activity org.pharmapro.pharmapro/org.kivy.android.PythonActivity
05-30 10:38:56.449  1556  1572 W ActivityManager: Slow operation: 87ms so far, now at startProcess: starting to update pids map
05-30 10:38:56.449  1556  1572 W ActivityManager: Slow operation: 87ms so far, now at startProcess: done updating pids map
05-30 10:38:56.450  1420  1420 D ldinit  : Broadcast completed: result=0
05-30 10:38:56.474  3731  3731 V libnb   : enter native_bridge2_initialize /data/user/0/org.pharmapro.pharmapro/code_cache arm64
05-30 10:38:56.481  3731  3731 D houdini : [3731] Initialize library(version: 9.0.7a_z.38597 RELEASE)... successfully.
05-30 10:38:56.482  3731  3731 V libnb   : enter native_bridge2_isCompatibleWith 2
05-30 10:38:56.482  3731  3731 I chatty  : uid=10069(org.pharmapro.pharmapro) SDLActivity identical 63 lines
05-30 10:38:56.482  3731  3731 V libnb   : enter native_bridge2_isCompatibleWith 2
05-30 10:38:56.519  1556  2575 W SchedPolicy: add_tid_to_cgroup failed to write '3731' (No space left on device); fd=27
05-30 10:38:56.540  1423  2214 D PermissionCache: checking android.permission.READ_FRAME_BUFFER for uid=1000 => granted (581 us)
05-30 10:38:56.559  1706  1729 I         : fastpipe: Connect success
05-30 10:38:56.561  1706  1729 D HostConnection: HostRPC::connect sucess: app=com.android.systemui, pid=1706, tid=1729, this=0x76386efee600
05-30 10:38:56.563  1706  1729 D HostConnection: queryAndSetGLESMaxVersion select gles-version: 3.1 hostGLVersion:46 process:com.android.systemui
05-30 10:38:56.565  1899  1899 D DashboardSummary: Stopped listening for condition changes
05-30 10:38:56.645  1340  1340 E SELinux : avc:  denied  { find } for service=tab pid=3731 uid=10069 scontext=u:r:untrusted_app:s0:c69,c256,c512,c768 tcontext=u:object_r:default_android_service:s0 tclass=service_manager permissive=1
05-30 10:38:56.648  2242  2242 W ContextImpl: Calling a method in the system process without a qualified user: android.app.ContextImpl.startService:1531 android.content.ContextWrapper.startService:664 android.content.ContextWrapper.startService:664 com.android.coreservice.CoreBroadcastReceiver.onReceive:54 android.app.ActivityThread.handleReceiver:3424 
05-30 10:38:56.665  1420  1420 D ldinit  : ld_exec_cmd am broadcast -a com.ldmnq.APP_START -p com.android.ld.appstore -f 32 --es package org.pharmapro.pharmapro --es pos pc
05-30 10:38:56.665  1420  1420 D ldinit  : result:
05-30 10:38:56.665  3731  3731 V libnb   : enter native_bridge2_isCompatibleWith 3
05-30 10:38:56.665  3731  3731 V libnb   : enter native_bridge3_isPathSupported /data/app/org.pharmapro.pharmapro-BFrfpMuLTgUpm1IRq2niSg==/lib/arm64:/data/app/org.pharmapro.pharmapro-BFrfpMuLTgUpm1IRq2niSg==/base.apk!/lib/arm64-v8a
05-30 10:38:56.668  3731  3731 V libnb   : enter native_bridge2_isCompatibleWith 3
05-30 10:38:56.668  3731  3731 V libnb   : enter native_bridge3_initAnonymousNamespace libandroid.so:libaaudio.so:libc.so:libcamera2ndk.so:libdl.so:libEGL.so:libGLESv1_CM.so:libGLESv2.so:libGLESv3.so:libicui18n.so:libicuuc.so:libjnigraphics.so:liblog.so:libmediandk.so:libm.so:libnativewindow.so:libneuralnetworks.so:libOpenMAXAL.so:libOpenSLES.so:libRS.so:libstdc++.so:libsync.so:libvulkan.so:libwebviewchromium_plat_support.so:libz.so, /data/app/org.pharmapro.pharmapro-BFrfpMuLTgUpm1IRq2niSg==/lib/arm64:/data/app/org.pharmapro.pharmapro-BFrfpMuLTgUpm1IRq2niSg==/base.apk!/lib/arm64-v8a
05-30 10:38:56.668  3731  3731 V libnb   : enter native_bridge2_isCompatibleWith 3
05-30 10:38:56.668  3731  3731 V libnb   : enter native_bridge3_isPathSupported /data/app/org.pharmapro.pharmapro-BFrfpMuLTgUpm1IRq2niSg==/lib/arm64:/data/app/org.pharmapro.pharmapro-BFrfpMuLTgUpm1IRq2niSg==/base.apk!/lib/arm64-v8a
05-30 10:38:56.668  3731  3731 V libnb   : enter native_bridge2_isCompatibleWith 3
05-30 10:38:56.668  3731  3731 V libnb   : enter native_bridge3_createNamespace classloader-namespace, (null), /data/app/org.pharmapro.pharmapro-BFrfpMuLTgUpm1IRq2niSg==/lib/arm64:/data/app/org.pharmapro.pharmapro-BFrfpMuLTgUpm1IRq2niSg==/base.apk!/lib/arm64-v8a, /data:/mnt/expand:/data/user/0/org.pharmapro.pharmapro
05-30 10:38:56.668  3731  3731 V libnb   : enter native_bridge2_isCompatibleWith 4
05-30 10:38:56.668  3731  3731 V libnb   : enter native_bridge2_isCompatibleWith 3
05-30 10:38:56.668  3731  3731 V libnb   : enter native_bridge3_linkNamespaces libandroid.so:libaaudio.so:libc.so:libcamera2ndk.so:libdl.so:libEGL.so:libGLESv1_CM.so:libGLESv2.so:libGLESv3.so:libicui18n.so:libicuuc.so:libjnigraphics.so:liblog.so:libmediandk.so:libm.so:libnativewindow.so:libneuralnetworks.so:libOpenMAXAL.so:libOpenSLES.so:libRS.so:libstdc++.so:libsync.so:libvulkan.so:libwebviewchromium_plat_support.so:libz.so
05-30 10:38:56.672  3731  3731 D libnativeloader: CrashArm64 config not exist or not readable: /system/vendor/firmware_mnt/nadnd/CrashArm64
05-30 10:38:56.682  1420  1420 D ldinit  : Broadcasting: Intent { act=com.ldmnq.APP_START flg=0x400020 pkg=com.android.ld.appstore (has extras) }
05-30 10:38:56.715  3731  3731 V PythonActivity: PythonActivity onCreate running
05-30 10:38:56.715  3731  3731 V PythonActivity: About to do super onCreate
05-30 10:38:56.715  3731  3731 V SDL     : Device: gracelte
05-30 10:38:56.715  3731  3731 V SDL     : Model: A208SH
05-30 10:38:56.715  3731  3731 V SDL     : onCreate()
05-30 10:38:56.716  3731  3731 V PythonActivity: Did super onCreate
05-30 10:38:56.716  3731  3731 V SDL     : getting identifier
05-30 10:38:56.716  3731  3731 V SDL     : kind is layout and name lottie
05-30 10:38:56.716  3731  3731 V SDL     : result is 0
05-30 10:38:56.717  3731  3731 E mapro.pharmapr: Invalid ID 0x00000000.
05-30 10:38:56.717  3731  3731 V SDL     : couldn't find lottie layout or animation, trying static splash
05-30 10:38:56.718  3731  3731 V SDL     : getting identifier
05-30 10:38:56.720  3731  3731 V SDL     : kind is drawable and name presplash
05-30 10:38:56.720  3731  3731 V SDL     : result is 2130771969
05-30 10:38:56.739  3731  3731 V SDL     : asked to get string presplash_color
05-30 10:38:56.739  3731  3731 V SDL     : getting identifier
05-30 10:38:56.739  3731  3731 V SDL     : kind is string and name presplash_color
05-30 10:38:56.739  3731  3731 V SDL     : result is 2131034113
05-30 10:38:56.742  1556  3753 I         : fastpipe: Connect success
05-30 10:38:56.743  1556  3753 D HostConnection: HostRPC::connect sucess: app=system_server, pid=1556, tid=3753, this=0x7638618674c0
05-30 10:38:56.744  1556  3753 D HostConnection: queryAndSetGLESMaxVersion select gles-version: 3.1 hostGLVersion:46 process:system_server
05-30 10:38:56.750  1420  1420 D ldinit  : Broadcast completed: result=0
05-30 10:38:56.751  1420  1420 D ldinit  : ld_exec_cmd am broadcast -a com.ldmnq.APP_START -p com.ldmnq.launcher3 -f 32 --es package org.pharmapro.pharmapro --es pos pc
05-30 10:38:56.751  1420  1420 D ldinit  : result:
05-30 10:38:56.760  1556  3753 I ConfigStore: android::hardware::configstore::V1_0::ISurfaceFlingerConfigs::hasWideColorDisplay retrieved: 0
05-30 10:38:56.760  1556  3753 I ConfigStore: android::hardware::configstore::V1_0::ISurfaceFlingerConfigs::hasHDRDisplay retrieved: 0
05-30 10:38:56.760  1556  3753 I OpenGLRenderer: Initialized EGL, version 1.4
05-30 10:38:56.760  1556  3753 D OpenGLRenderer: Swap behavior 1
05-30 10:38:56.767  1556  3753 D EGL_emulation: eglCreateContext: 0x76385f45bc00: maj 3 min 1 rcv 4
05-30 10:38:56.776  1420  1420 D ldinit  : Broadcasting: Intent { act=com.ldmnq.APP_START flg=0x400020 pkg=com.ldmnq.launcher3 (has extras) }
05-30 10:38:56.779  2322  2393 D AppStartReceiver: action = com.ldmnq.APP_START, packageName = org.pharmapro.pharmapro, pos = pc
05-30 10:38:56.783  1420  1420 D ldinit  : Broadcast completed: result=0
05-30 10:38:56.787  3731  3731 V SDL     : onStart()
05-30 10:38:56.787  3731  3731 V PythonActivity: onResume()
05-30 10:38:56.787  3731  3731 V SDL     : onResume()
05-30 10:38:56.787  3731  3759 V PythonActivity: Ready to unpack
05-30 10:38:56.788  3731  3759 V pythonutil: Unpacking private app
05-30 10:38:56.788  3731  3759 V pythonutil: Data version is 6e5568e1ada96912b92c892e59e6bbf3903a7897
05-30 10:38:56.790  3731  3731 D OpenGLRenderer: Skia GL Pipeline
05-30 10:38:56.791  2242  2242 W ContextImpl: Calling a method in the system process without a qualified user: android.app.ContextImpl.startService:1531 android.content.ContextWrapper.startService:664 android.content.ContextWrapper.startService:664 com.android.coreservice.CoreBroadcastReceiver.onReceive:54 android.app.ActivityThread.handleReceiver:3424 
05-30 10:38:56.794  3731  3759 V pythonutil: Unpacking /data/app/org.pharmapro.pharmapro-BFrfpMuLTgUpm1IRq2niSg==/lib/arm64/libpybundle app
05-30 10:38:56.794  3731  3759 V pythonutil: Data version is 6e5568e1ada96912b92c892e59e6bbf3903a7897
05-30 10:38:56.848  1556  3753 E eglCodecCommon: glUtilsParamSize: unknow param 0x000082da
05-30 10:38:56.848  1556  3753 E eglCodecCommon: glUtilsParamSize: unknow param 0x000082e5
05-30 10:38:56.853  1556  3753 D HostConnection: ExtendedRCEncoderContext GL_VERSION return OpenGL ES 3.1 v1
05-30 10:38:56.858  1556  3753 E eglCodecCommon: glUtilsParamSize: unknow param 0x00008c29
05-30 10:38:56.859  1556  3753 E eglCodecCommon: glUtilsParamSize: unknow param 0x000087fe
05-30 10:38:56.869  3731  3731 V pythonutil: Checking pattern libsqlite3\.so against libpybundle.so
05-30 10:38:56.870  3731  3731 V pythonutil: Checking pattern libsqlite3\.so against libSDL2_image.so
05-30 10:38:56.870  3731  3731 V pythonutil: Checking pattern libsqlite3\.so against libpython3.11.so
05-30 10:38:56.870  3731  3731 V pythonutil: Checking pattern libsqlite3\.so against libmain.so
05-30 10:38:56.870  3731  3731 V pythonutil: Checking pattern libsqlite3\.so against libsqlite3.so
05-30 10:38:56.870  3731  3731 V pythonutil: Pattern libsqlite3\.so matched file libsqlite3.so
05-30 10:38:56.870  3731  3731 V pythonutil: Checking pattern libsqlite3\.so against libSDL2_ttf.so
05-30 10:38:56.870  3731  3731 V pythonutil: Checking pattern libsqlite3\.so against libSDL2_mixer.so
05-30 10:38:56.870  3731  3731 V pythonutil: Checking pattern libsqlite3\.so against libcrypto1.1.so
05-30 10:38:56.870  3731  3731 V pythonutil: Checking pattern libsqlite3\.so against libffi.so
05-30 10:38:56.870  3731  3731 V pythonutil: Checking pattern libsqlite3\.so against libSDL2.so
05-30 10:38:56.870  3731  3731 V pythonutil: Checking pattern libsqlite3\.so against libssl1.1.so
05-30 10:38:56.871  3731  3731 V pythonutil: Checking pattern libffi\.so against libpybundle.so
05-30 10:38:56.871  3731  3731 V pythonutil: Checking pattern libffi\.so against libSDL2_image.so
05-30 10:38:56.871  3731  3731 V pythonutil: Checking pattern libffi\.so against libpython3.11.so
05-30 10:38:56.871  3731  3731 V pythonutil: Checking pattern libffi\.so against libmain.so
05-30 10:38:56.871  3731  3731 V pythonutil: Checking pattern libffi\.so against libsqlite3.so
05-30 10:38:56.871  3731  3731 V pythonutil: Checking pattern libffi\.so against libSDL2_ttf.so
05-30 10:38:56.871  3731  3731 V pythonutil: Checking pattern libffi\.so against libSDL2_mixer.so
05-30 10:38:56.871  3731  3731 V pythonutil: Checking pattern libffi\.so against libcrypto1.1.so
05-30 10:38:56.871  3731  3731 V pythonutil: Checking pattern libffi\.so against libffi.so
05-30 10:38:56.871  3731  3731 V pythonutil: Pattern libffi\.so matched file libffi.so
05-30 10:38:56.871  3731  3731 V pythonutil: Checking pattern libffi\.so against libSDL2.so
05-30 10:38:56.871  3731  3731 V pythonutil: Checking pattern libffi\.so against libssl1.1.so
05-30 10:38:56.872  3731  3731 V pythonutil: Checking pattern libpng16\.so against libpybundle.so
05-30 10:38:56.872  3731  3731 V pythonutil: Checking pattern libpng16\.so against libSDL2_image.so
05-30 10:38:56.872  3731  3731 V pythonutil: Checking pattern libpng16\.so against libpython3.11.so
05-30 10:38:56.872  3731  3731 V pythonutil: Checking pattern libpng16\.so against libmain.so
05-30 10:38:56.872  3731  3731 V pythonutil: Checking pattern libpng16\.so against libsqlite3.so
05-30 10:38:56.872  3731  3731 V pythonutil: Checking pattern libpng16\.so against libSDL2_ttf.so
05-30 10:38:56.872  3731  3731 V pythonutil: Checking pattern libpng16\.so against libSDL2_mixer.so
05-30 10:38:56.872  3731  3731 V pythonutil: Checking pattern libpng16\.so against libcrypto1.1.so
05-30 10:38:56.872  3731  3731 V pythonutil: Checking pattern libpng16\.so against libffi.so
05-30 10:38:56.872  3731  3731 V pythonutil: Checking pattern libpng16\.so against libSDL2.so
05-30 10:38:56.872  3731  3731 V pythonutil: Checking pattern libpng16\.so against libssl1.1.so
05-30 10:38:56.873  3731  3731 V pythonutil: Checking pattern libssl.*\.so against libpybundle.so
05-30 10:38:56.873  3731  3731 V pythonutil: Checking pattern libssl.*\.so against libSDL2_image.so
05-30 10:38:56.873  3731  3731 V pythonutil: Checking pattern libssl.*\.so against libpython3.11.so
05-30 10:38:56.873  3731  3731 V pythonutil: Checking pattern libssl.*\.so against libmain.so
05-30 10:38:56.873  3731  3731 V pythonutil: Checking pattern libssl.*\.so against libsqlite3.so
05-30 10:38:56.873  3731  3731 V pythonutil: Checking pattern libssl.*\.so against libSDL2_ttf.so
05-30 10:38:56.873  3731  3731 V pythonutil: Checking pattern libssl.*\.so against libSDL2_mixer.so
05-30 10:38:56.873  3731  3731 V pythonutil: Checking pattern libssl.*\.so against libcrypto1.1.so
05-30 10:38:56.873  3731  3731 V pythonutil: Checking pattern libssl.*\.so against libffi.so
05-30 10:38:56.873  3731  3731 V pythonutil: Checking pattern libssl.*\.so against libSDL2.so
05-30 10:38:56.873  3731  3731 V pythonutil: Checking pattern libssl.*\.so against libssl1.1.so
05-30 10:38:56.873  3731  3731 V pythonutil: Pattern libssl.*\.so matched file libssl1.1.so
05-30 10:38:56.874  3731  3731 V pythonutil: Checking pattern libcrypto.*\.so against libpybundle.so
05-30 10:38:56.874  3731  3731 V pythonutil: Checking pattern libcrypto.*\.so against libSDL2_image.so
05-30 10:38:56.874  3731  3731 V pythonutil: Checking pattern libcrypto.*\.so against libpython3.11.so
05-30 10:38:56.874  3731  3731 V pythonutil: Checking pattern libcrypto.*\.so against libmain.so
05-30 10:38:56.874  3731  3731 V pythonutil: Checking pattern libcrypto.*\.so against libsqlite3.so
05-30 10:38:56.874  3731  3731 V pythonutil: Checking pattern libcrypto.*\.so against libSDL2_ttf.so
05-30 10:38:56.874  3731  3731 V pythonutil: Checking pattern libcrypto.*\.so against libSDL2_mixer.so
05-30 10:38:56.874  3731  3731 V pythonutil: Checking pattern libcrypto.*\.so against libcrypto1.1.so
05-30 10:38:56.874  3731  3731 V pythonutil: Pattern libcrypto.*\.so matched file libcrypto1.1.so
05-30 10:38:56.874  3731  3731 V pythonutil: Checking pattern libcrypto.*\.so against libffi.so
05-30 10:38:56.874  3731  3731 V pythonutil: Checking pattern libcrypto.*\.so against libSDL2.so
05-30 10:38:56.874  3731  3731 V pythonutil: Checking pattern libcrypto.*\.so against libssl1.1.so
05-30 10:38:56.875  3731  3731 V pythonutil: Checking pattern libSDL2\.so against libpybundle.so
05-30 10:38:56.875  3731  3731 V pythonutil: Checking pattern libSDL2\.so against libSDL2_image.so
05-30 10:38:56.875  3731  3731 V pythonutil: Checking pattern libSDL2\.so against libpython3.11.so
05-30 10:38:56.875  3731  3731 V pythonutil: Checking pattern libSDL2\.so against libmain.so
05-30 10:38:56.875  3731  3731 V pythonutil: Checking pattern libSDL2\.so against libsqlite3.so
05-30 10:38:56.875  3731  3731 V pythonutil: Checking pattern libSDL2\.so against libSDL2_ttf.so
05-30 10:38:56.875  3731  3731 V pythonutil: Checking pattern libSDL2\.so against libSDL2_mixer.so
05-30 10:38:56.875  3731  3731 V pythonutil: Checking pattern libSDL2\.so against libcrypto1.1.so
05-30 10:38:56.875  3731  3731 V pythonutil: Checking pattern libSDL2\.so against libffi.so
05-30 10:38:56.875  3731  3731 V pythonutil: Checking pattern libSDL2\.so against libSDL2.so
05-30 10:38:56.875  3731  3731 V pythonutil: Pattern libSDL2\.so matched file libSDL2.so
05-30 10:38:56.876  3731  3731 V pythonutil: Checking pattern libSDL2\.so against libssl1.1.so
05-30 10:38:56.876  3731  3731 V pythonutil: Checking pattern libSDL2_image\.so against libpybundle.so
05-30 10:38:56.876  3731  3731 V pythonutil: Checking pattern libSDL2_image\.so against libSDL2_image.so
05-30 10:38:56.876  3731  3731 V pythonutil: Pattern libSDL2_image\.so matched file libSDL2_image.so
05-30 10:38:56.876  3731  3731 V pythonutil: Checking pattern libSDL2_image\.so against libpython3.11.so
05-30 10:38:56.876  3731  3731 V pythonutil: Checking pattern libSDL2_image\.so against libmain.so
05-30 10:38:56.877  3731  3731 V pythonutil: Checking pattern libSDL2_image\.so against libsqlite3.so
05-30 10:38:56.877  3731  3731 V pythonutil: Checking pattern libSDL2_image\.so against libSDL2_ttf.so
05-30 10:38:56.877  3731  3731 V pythonutil: Checking pattern libSDL2_image\.so against libSDL2_mixer.so
05-30 10:38:56.877  3731  3731 V pythonutil: Checking pattern libSDL2_image\.so against libcrypto1.1.so
05-30 10:38:56.877  3731  3731 V pythonutil: Checking pattern libSDL2_image\.so against libffi.so
05-30 10:38:56.877  3731  3731 V pythonutil: Checking pattern libSDL2_image\.so against libSDL2.so
05-30 10:38:56.877  3731  3731 V pythonutil: Checking pattern libSDL2_image\.so against libssl1.1.so
05-30 10:38:56.878  3731  3731 V pythonutil: Checking pattern libSDL2_mixer\.so against libpybundle.so
05-30 10:38:56.878  3731  3731 V pythonutil: Checking pattern libSDL2_mixer\.so against libSDL2_image.so
05-30 10:38:56.878  3731  3731 V pythonutil: Checking pattern libSDL2_mixer\.so against libpython3.11.so
05-30 10:38:56.878  3731  3731 V pythonutil: Checking pattern libSDL2_mixer\.so against libmain.so
05-30 10:38:56.878  3731  3731 V pythonutil: Checking pattern libSDL2_mixer\.so against libsqlite3.so
05-30 10:38:56.878  3731  3731 V pythonutil: Checking pattern libSDL2_mixer\.so against libSDL2_ttf.so
05-30 10:38:56.878  3731  3731 V pythonutil: Checking pattern libSDL2_mixer\.so against libSDL2_mixer.so
05-30 10:38:56.878  3731  3731 V pythonutil: Pattern libSDL2_mixer\.so matched file libSDL2_mixer.so
05-30 10:38:56.878  3731  3731 V pythonutil: Checking pattern libSDL2_mixer\.so against libcrypto1.1.so
05-30 10:38:56.878  3731  3731 V pythonutil: Checking pattern libSDL2_mixer\.so against libffi.so
05-30 10:38:56.878  3731  3731 V pythonutil: Checking pattern libSDL2_mixer\.so against libSDL2.so
05-30 10:38:56.878  3731  3731 V pythonutil: Checking pattern libSDL2_mixer\.so against libssl1.1.so
05-30 10:38:56.879  3731  3731 V pythonutil: Checking pattern libSDL2_ttf\.so against libpybundle.so
05-30 10:38:56.879  3731  3731 V pythonutil: Checking pattern libSDL2_ttf\.so against libSDL2_image.so
05-30 10:38:56.879  3731  3731 V pythonutil: Checking pattern libSDL2_ttf\.so against libpython3.11.so
05-30 10:38:56.879  3731  3731 V pythonutil: Checking pattern libSDL2_ttf\.so against libmain.so
05-30 10:38:56.879  3731  3731 V pythonutil: Checking pattern libSDL2_ttf\.so against libsqlite3.so
05-30 10:38:56.879  3731  3731 V pythonutil: Checking pattern libSDL2_ttf\.so against libSDL2_ttf.so
05-30 10:38:56.879  3731  3731 V pythonutil: Pattern libSDL2_ttf\.so matched file libSDL2_ttf.so
05-30 10:38:56.879  3731  3731 V pythonutil: Checking pattern libSDL2_ttf\.so against libSDL2_mixer.so
05-30 10:38:56.879  3731  3731 V pythonutil: Checking pattern libSDL2_ttf\.so against libcrypto1.1.so
05-30 10:38:56.879  3731  3731 V pythonutil: Checking pattern libSDL2_ttf\.so against libffi.so
05-30 10:38:56.879  3731  3731 V pythonutil: Checking pattern libSDL2_ttf\.so against libSDL2.so
05-30 10:38:56.879  3731  3731 V pythonutil: Checking pattern libSDL2_ttf\.so against libssl1.1.so
05-30 10:38:56.879  3731  3731 V pythonutil: Loading library: sqlite3
05-30 10:38:56.879  3731  3731 V libnb   : enter native_bridge2_isCompatibleWith 3
05-30 10:38:56.879  3731  3731 V libnb   : enter native_bridge3_loadLibraryExt /data/app/org.pharmapro.pharmapro-BFrfpMuLTgUpm1IRq2niSg==/lib/arm64/libsqlite3.so, 2, 0x3
05-30 10:38:56.905  1556  1563 W System  : A resource failed to call close. 
05-30 10:38:56.906  1556  1563 I chatty  : uid=1000(system) FinalizerDaemon identical 23 lines
05-30 10:38:56.906  1556  1563 W System  : A resource failed to call close. 
05-30 10:38:56.976  3731  3731 V libnb   : native_bridge3_loadLibraryExt: 0x76387254aac0
05-30 10:38:56.976  3731  3731 V libnb   : enter native_bridge2_getTrampoline JNI_OnLoad, trampoline_addr 0x0
05-30 10:38:56.976  3731  3731 V pythonutil: Loading library: ffi
05-30 10:38:56.977  3731  3731 V libnb   : enter native_bridge2_isCompatibleWith 3
05-30 10:38:56.977  3731  3731 V libnb   : enter native_bridge3_loadLibraryExt /data/app/org.pharmapro.pharmapro-BFrfpMuLTgUpm1IRq2niSg==/lib/arm64/libffi.so, 2, 0x3
05-30 10:38:56.979  3731  3731 V libnb   : native_bridge3_loadLibraryExt: 0x76387254c040
05-30 10:38:56.979  3731  3731 V libnb   : enter native_bridge2_getTrampoline JNI_OnLoad, trampoline_addr 0x0
05-30 10:38:56.979  3731  3731 V pythonutil: Loading library: ssl1.1
05-30 10:38:56.979  3731  3731 V libnb   : enter native_bridge2_isCompatibleWith 3
05-30 10:38:56.979  3731  3731 V libnb   : enter native_bridge3_loadLibraryExt /data/app/org.pharmapro.pharmapro-BFrfpMuLTgUpm1IRq2niSg==/lib/arm64/libssl1.1.so, 2, 0x3
05-30 10:38:56.999  3731  3731 V libnb   : native_bridge3_loadLibraryExt: 0x76387254c5a0
05-30 10:38:56.999  3731  3731 V libnb   : enter native_bridge2_getTrampoline JNI_OnLoad, trampoline_addr 0x0
05-30 10:38:56.999  3731  3731 V pythonutil: Loading library: crypto1.1
05-30 10:38:56.999  3731  3731 V libnb   : enter native_bridge2_isCompatibleWith 3
05-30 10:38:56.999  3731  3731 V libnb   : enter native_bridge3_loadLibraryExt /data/app/org.pharmapro.pharmapro-BFrfpMuLTgUpm1IRq2niSg==/lib/arm64/libcrypto1.1.so, 2, 0x3
05-30 10:38:56.999  3731  3731 V libnb   : native_bridge3_loadLibraryExt: 0x76387254cb00
05-30 10:38:56.999  3731  3731 V libnb   : enter native_bridge2_getTrampoline JNI_OnLoad, trampoline_addr 0x0
05-30 10:38:56.999  3731  3731 V pythonutil: Loading library: SDL2
05-30 10:38:56.999  3731  3731 V libnb   : enter native_bridge2_isCompatibleWith 3
05-30 10:38:56.999  3731  3731 V libnb   : enter native_bridge3_loadLibraryExt /data/app/org.pharmapro.pharmapro-BFrfpMuLTgUpm1IRq2niSg==/lib/arm64/libSDL2.so, 2, 0x3
05-30 10:38:57.119  3731  3731 V libnb   : native_bridge3_loadLibraryExt: 0x76387254d060
05-30 10:38:57.120  3731  3731 V libnb   : enter native_bridge2_getTrampoline JNI_OnLoad, trampoline_addr 0x763913e32000
05-30 10:38:57.120  3731  3731 V pythonutil: Loading library: SDL2_image
05-30 10:38:57.120  3731  3731 V libnb   : enter native_bridge2_isCompatibleWith 3
05-30 10:38:57.120  3731  3731 V libnb   : enter native_bridge3_loadLibraryExt /data/app/org.pharmapro.pharmapro-BFrfpMuLTgUpm1IRq2niSg==/lib/arm64/libSDL2_image.so, 2, 0x3
05-30 10:38:57.124  3731  3731 V libnb   : native_bridge3_loadLibraryExt: 0x763872558c80
05-30 10:38:57.124  3731  3731 V libnb   : enter native_bridge2_getTrampoline JNI_OnLoad, trampoline_addr 0x763913e32000
05-30 10:38:57.124  3731  3731 V pythonutil: Loading library: SDL2_mixer
05-30 10:38:57.124  3731  3731 V libnb   : enter native_bridge2_isCompatibleWith 3
05-30 10:38:57.124  3731  3731 V libnb   : enter native_bridge3_loadLibraryExt /data/app/org.pharmapro.pharmapro-BFrfpMuLTgUpm1IRq2niSg==/lib/arm64/libSDL2_mixer.so, 2, 0x3
05-30 10:38:57.128  3731  3731 V libnb   : native_bridge3_loadLibraryExt: 0x7638725591e0
05-30 10:38:57.128  3731  3731 V libnb   : enter native_bridge2_getTrampoline JNI_OnLoad, trampoline_addr 0x763913e32000
05-30 10:38:57.128  3731  3731 V pythonutil: Loading library: SDL2_ttf
05-30 10:38:57.129  3731  3731 V libnb   : enter native_bridge2_isCompatibleWith 3
05-30 10:38:57.129  3731  3731 V libnb   : enter native_bridge3_loadLibraryExt /data/app/org.pharmapro.pharmapro-BFrfpMuLTgUpm1IRq2niSg==/lib/arm64/libSDL2_ttf.so, 2, 0x3
05-30 10:38:57.149  3731  3731 V libnb   : native_bridge3_loadLibraryExt: 0x763872559740
05-30 10:38:57.149  3731  3731 V libnb   : enter native_bridge2_getTrampoline JNI_OnLoad, trampoline_addr 0x763913e32000
05-30 10:38:57.150  3731  3731 V pythonutil: Loading library: python3.5m
05-30 10:38:57.151  3731  3731 V pythonutil: Library loading error: dalvik.system.PathClassLoader[DexPathList[[zip file "/data/app/org.pharmapro.pharmapro-BFrfpMuLTgUpm1IRq2niSg==/base.apk"],nativeLibraryDirectories=[/data/app/org.pharmapro.pharmapro-BFrfpMuLTgUpm1IRq2niSg==/lib/arm64, /data/app/org.pharmapro.pharmapro-BFrfpMuLTgUpm1IRq2niSg==/base.apk!/lib/arm64-v8a, /system/lib64, /system/vendor/lib64]]] couldn't find "libpython3.5m.so"
05-30 10:38:57.151  3731  3731 V pythonutil: Loading library: python3.6m
05-30 10:38:57.152  3731  3731 V pythonutil: Library loading error: dalvik.system.PathClassLoader[DexPathList[[zip file "/data/app/org.pharmapro.pharmapro-BFrfpMuLTgUpm1IRq2niSg==/base.apk"],nativeLibraryDirectories=[/data/app/org.pharmapro.pharmapro-BFrfpMuLTgUpm1IRq2niSg==/lib/arm64, /data/app/org.pharmapro.pharmapro-BFrfpMuLTgUpm1IRq2niSg==/base.apk!/lib/arm64-v8a, /system/lib64, /system/vendor/lib64]]] couldn't find "libpython3.6m.so"
05-30 10:38:57.152  3731  3731 V pythonutil: Loading library: python3.7m
05-30 10:38:57.152  3731  3731 V pythonutil: Library loading error: dalvik.system.PathClassLoader[DexPathList[[zip file "/data/app/org.pharmapro.pharmapro-BFrfpMuLTgUpm1IRq2niSg==/base.apk"],nativeLibraryDirectories=[/data/app/org.pharmapro.pharmapro-BFrfpMuLTgUpm1IRq2niSg==/lib/arm64, /data/app/org.pharmapro.pharmapro-BFrfpMuLTgUpm1IRq2niSg==/base.apk!/lib/arm64-v8a, /system/lib64, /system/vendor/lib64]]] couldn't find "libpython3.7m.so"
05-30 10:38:57.152  3731  3731 V pythonutil: Loading library: python3.8
05-30 10:38:57.153  3731  3731 V pythonutil: Library loading error: dalvik.system.PathClassLoader[DexPathList[[zip file "/data/app/org.pharmapro.pharmapro-BFrfpMuLTgUpm1IRq2niSg==/base.apk"],nativeLibraryDirectories=[/data/app/org.pharmapro.pharmapro-BFrfpMuLTgUpm1IRq2niSg==/lib/arm64, /data/app/org.pharmapro.pharmapro-BFrfpMuLTgUpm1IRq2niSg==/base.apk!/lib/arm64-v8a, /system/lib64, /system/vendor/lib64]]] couldn't find "libpython3.8.so"
05-30 10:38:57.153  3731  3731 V pythonutil: Loading library: python3.9
05-30 10:38:57.153  3731  3731 V pythonutil: Library loading error: dalvik.system.PathClassLoader[DexPathList[[zip file "/data/app/org.pharmapro.pharmapro-BFrfpMuLTgUpm1IRq2niSg==/base.apk"],nativeLibraryDirectories=[/data/app/org.pharmapro.pharmapro-BFrfpMuLTgUpm1IRq2niSg==/lib/arm64, /data/app/org.pharmapro.pharmapro-BFrfpMuLTgUpm1IRq2niSg==/base.apk!/lib/arm64-v8a, /system/lib64, /system/vendor/lib64]]] couldn't find "libpython3.9.so"
05-30 10:38:57.153  3731  3731 V pythonutil: Loading library: python3.10
05-30 10:38:57.153  3731  3731 V pythonutil: Library loading error: dalvik.system.PathClassLoader[DexPathList[[zip file "/data/app/org.pharmapro.pharmapro-BFrfpMuLTgUpm1IRq2niSg==/base.apk"],nativeLibraryDirectories=[/data/app/org.pharmapro.pharmapro-BFrfpMuLTgUpm1IRq2niSg==/lib/arm64, /data/app/org.pharmapro.pharmapro-BFrfpMuLTgUpm1IRq2niSg==/base.apk!/lib/arm64-v8a, /system/lib64, /system/vendor/lib64]]] couldn't find "libpython3.10.so"
05-30 10:38:57.153  3731  3731 V pythonutil: Loading library: python3.11
05-30 10:38:57.153  3731  3731 V libnb   : enter native_bridge2_isCompatibleWith 3
05-30 10:38:57.153  3731  3731 V libnb   : enter native_bridge3_loadLibraryExt /data/app/org.pharmapro.pharmapro-BFrfpMuLTgUpm1IRq2niSg==/lib/arm64/libpython3.11.so, 2, 0x3
05-30 10:38:57.192  3731  3731 V libnb   : native_bridge3_loadLibraryExt: 0x763872559ca0
05-30 10:38:57.192  3731  3731 V libnb   : enter native_bridge2_getTrampoline JNI_OnLoad, trampoline_addr 0x0
05-30 10:38:57.193  3731  3731 V pythonutil: Loading library: main
05-30 10:38:57.193  3731  3731 V libnb   : enter native_bridge2_isCompatibleWith 3
05-30 10:38:57.193  3731  3731 V libnb   : enter native_bridge3_loadLibraryExt /data/app/org.pharmapro.pharmapro-BFrfpMuLTgUpm1IRq2niSg==/lib/arm64/libmain.so, 2, 0x3
05-30 10:38:57.194  3731  3731 V libnb   : native_bridge3_loadLibraryExt: 0x76387255a200
05-30 10:38:57.194  3731  3731 V libnb   : enter native_bridge2_getTrampoline JNI_OnLoad, trampoline_addr 0x763913e32000
05-30 10:38:57.194  3731  3731 V pythonutil: Loaded everything!
05-30 10:38:57.194  3731  3731 V SDL     : nativeSetupJNI()
05-30 10:38:57.195  3731  3731 V SDL     : AUDIO nativeSetupJNI()
05-30 10:38:57.195  3731  3731 V SDL     : CONTROLLER nativeSetupJNI()
05-30 10:38:57.206  3731  3731 V libnb   : enter native_bridge2_getTrampoline Java_org_libsdl_app_HIDDeviceManager_HIDDeviceRegisterCallback, trampoline_addr 0x763913e33ba0
05-30 10:38:57.219  3731  3731 V PythonActivity: Setting env vars for start.c and Python to use
05-30 10:38:57.219  3731  3731 V PythonActivity: Access to our meta-data...
05-30 10:38:57.221  3731  3731 I PythonActivity: Surface will NOT be transparent
05-30 10:38:57.241  3731  3764 I         : fastpipe: Connect success
05-30 10:38:57.243  3731  3764 I         : fastpipe: Connect success
05-30 10:38:57.243  3731  3764 D HostConnection: HostRPC::connect sucess: app=org.pharmapro.pharmapro, pid=3731, tid=3764, this=0x76388bedb400
05-30 10:38:57.244  3731  3764 D HostConnection: queryAndSetGLESMaxVersion select gles-version: 3.1 hostGLVersion:46 process:org.pharmapro.pharmapro
05-30 10:38:57.246  3731  3764 I ConfigStore: android::hardware::configstore::V1_0::ISurfaceFlingerConfigs::hasWideColorDisplay retrieved: 0
05-30 10:38:57.246  3731  3764 I ConfigStore: android::hardware::configstore::V1_0::ISurfaceFlingerConfigs::hasHDRDisplay retrieved: 0
05-30 10:38:57.246  3731  3764 I OpenGLRenderer: Initialized EGL, version 1.4
05-30 10:38:57.246  3731  3764 D OpenGLRenderer: Swap behavior 1
05-30 10:38:57.249  1423  2214 W ServiceManager: Permission failure: android.permission.ACCESS_SURFACE_FLINGER from uid=10069 pid=3731
05-30 10:38:57.249  1423  2214 D PermissionCache: checking android.permission.ACCESS_SURFACE_FLINGER for uid=10069 => denied (5878 us)
05-30 10:38:57.249  3731  3731 V SDL     : surfaceCreated()
05-30 10:38:57.250  3731  3731 V SDL     : surfaceChanged()
05-30 10:38:57.250  3731  3731 V SDL     : Window size: 1600x900
05-30 10:38:57.250  3731  3731 V SDL     : Device size: 1600x900
05-30 10:38:57.251  3731  3764 D EGL_emulation: eglCreateContext: 0x76388be5f9c0: maj 3 min 1 rcv 4
05-30 10:38:57.254  1416  1416 D sensor_hal: sensor_device_default_flush handle=0
05-30 10:38:57.255  3731  3769 V SDL     : Running main function SDL_main from library /data/app/org.pharmapro.pharmapro-BFrfpMuLTgUpm1IRq2niSg==/lib/arm64/libmain.so
05-30 10:38:57.255  3731  3769 V PythonActivity: appConfirmedActive() -> preparing loading screen removal
05-30 10:38:57.255  3731  3769 V SDL     : nativeRunMain()
05-30 10:38:57.255  3731  3769 I python  : Initializing Python for Android
05-30 10:38:57.255  3731  3769 I python  : Setting additional env vars from p4a_env_vars.txt
05-30 10:38:57.256  3731  3769 I python  : Changing directory to the one provided by ANDROID_ARGUMENT
05-30 10:38:57.256  3731  3769 I python  : /data/user/0/org.pharmapro.pharmapro/files/app
05-30 10:38:57.256  3731  3769 I python  : Preparing to initialize python
05-30 10:38:57.256  3731  3769 I python  : _python_bundle dir exists
05-30 10:38:57.256  3731  3769 I python  : calculated paths to be...
05-30 10:38:57.256  3731  3769 I python  : /data/user/0/org.pharmapro.pharmapro/files/app/_python_bundle/stdlib.zip:/data/user/0/org.pharmapro.pharmapro/files/app/_python_bundle/modules
05-30 10:38:57.256  3731  3769 I python  : set wchar paths...
05-30 10:38:57.326  3731  3764 E eglCodecCommon: glUtilsParamSize: unknow param 0x000082da
05-30 10:38:57.326  3731  3764 E eglCodecCommon: glUtilsParamSize: unknow param 0x000082e5
05-30 10:38:57.330  3731  3764 D HostConnection: ExtendedRCEncoderContext GL_VERSION return OpenGL ES 3.1 v1
05-30 10:38:57.333  3731  3764 E eglCodecCommon: glUtilsParamSize: unknow param 0x00008c29
05-30 10:38:57.333  3731  3764 E eglCodecCommon: glUtilsParamSize: unknow param 0x000087fe
05-30 10:38:57.338  3731  3764 D vndksupport: Loading /vendor/lib64/hw/android.hardware.graphics.mapper@2.0-impl.so from current namespace instead of sphal namespace.
05-30 10:38:57.339  3731  3764 D vndksupport: Loading /vendor/lib64/hw/gralloc.default.so from current namespace instead of sphal namespace.
05-30 10:38:57.353  3731  3764 E EGL_emulation: tid 3764: eglSurfaceAttrib(1504): error 0x3009 (EGL_BAD_MATCH)
05-30 10:38:57.353  3731  3764 W OpenGLRenderer: Failed to set EGL_SWAP_BEHAVIOR on surface 0x76386fff2100, error=EGL_BAD_MATCH
05-30 10:38:57.355  3731  3769 I python  : Initialized python
05-30 10:38:57.355  3731  3769 I python  : AND: Init threads
05-30 10:38:57.357  3731  3769 I python  : testing python print redirection
05-30 10:38:57.370  3731  3769 I python  : Android path ['.', '/data/user/0/org.pharmapro.pharmapro/files/app/_python_bundle/stdlib.zip', '/data/user/0/org.pharmapro.pharmapro/files/app/_python_bundle/modules', '/data/user/0/org.pharmapro.pharmapro/files/app/_python_bundle/site-packages']
05-30 10:38:57.371  3731  3769 I python  : os.environ is environ({'PATH': '/sbin:/system/sbin:/system/bin:/system/xbin:/odm/bin:/vendor/bin:/vendor/xbin', 'DOWNLOAD_CACHE': '/data/cache', 'OPENSSL_armcap': '0', 'ANDROID_BOOTLOGO': '1', 'ANDROID_ROOT': '/system', 'ANDROID_ASSETS': '/system/app', 'ANDROID_DATA': '/data', 'ANDROID_STORAGE': '/storage', 'EXTERNAL_STORAGE': '/sdcard', 'ASEC_MOUNTPOINT': '/mnt/asec', 'BOOTCLASSPATH': '/system/framework/core-oj.jar:/system/framework/core-libart.jar:/system/framework/conscrypt.jar:/system/framework/okhttp.jar:/system/framework/bouncycastle.jar:/system/framework/apache-xml.jar:/system/framework/ext.jar:/system/framework/framework.jar:/system/framework/telephony-common.jar:/system/framework/voip-common.jar:/system/framework/ims-common.jar:/system/framework/android.hidl.base-V1.0-java.jar:/system/framework/android.hidl.manager-V1.0-java.jar:/system/framework/framework-oahl-backward-compatibility.jar:/system/framework/android.test.base.jar', 'SYSTEMSERVERCLASSPATH': '/system/framework/services.jar:/system/framework/ethernet-service.jar:/system/framework/wifi-service.jar:/system/framework/com.android.location.provider.jar', 'ANDROID_SOCKET_zygote': '11', 'ANDROID_ENTRYPOINT': 'main.pyc', 'ANDROID_ARGUMENT': '/data/user/0/org.pharmapro.pharmapro/files/app', 'ANDROID_APP_PATH': '/data/user/0/org.pharmapro.pharmapro/files/app', 'ANDROID_PRIVATE': '/data/user/0/org.pharmapro.pharmapro/files', 'ANDROID_UNPACK': '/data/user/0/org.pharmapro.pharmapro/files/app', 'PYTHONHOME': '/data/user/0/org.pharmapro.pharmapro/files/app', 'PYTHONPATH': '/data/user/0/org.pharmapro.pharmapro/files/app:/data/user/0/org.pharmapro.pharmapro/files/app/lib', 'PYTHONOPTIMIZE': '2', 'P4A_BOOTSTRAP': 'SDL2', 'PYTHON_NAME': 'python', 'P4A_IS_WINDOWED': 'False', 'KIVY_ORIENTATION': 'LandscapeLeft Portrait LandscapeRight PortraitUpsideDown', 'P4A_NUMERIC_VERSION': 'None', 'P4A_MINSDK': '21', 'LC_CTYPE': 'C.UTF-8'})
05-30 10:38:57.371  3731  3769 I python  : Android kivy bootstrap done. __name__ is __main__
05-30 10:38:57.371  3731  3769 I python  : AND: Ran string
05-30 10:38:57.371  3731  3769 I python  : Run user program, change dir and execute entrypoint
05-30 10:38:57.383  3731  3731 V SDL     : surfaceChanged()
05-30 10:38:57.383  3731  3731 V SDL     : Window size: 1600x864
05-30 10:38:57.383  3731  3731 V SDL     : Device size: 1600x900
05-30 10:38:57.419  3731  3731 V SDL     : onWindowFocusChanged(): true
05-30 10:38:57.423  1556  1569 W system_server: Failed to determine oat file name for dex location /data/app/org.pharmapro.pharmapro-BFrfpMuLTgUpm1IRq2niSg==/base.apk: Dalvik cache directory does not exist
05-30 10:38:57.436  2242  2242 I oid.coreservice: type=1400 audit(0.0:858): avc: denied { ioctl } for path="/dev/fastpipe" dev="tmpfs" ino=3120 ioctlcmd=6869 scontext=u:r:system_app:s0 tcontext=u:object_r:device:s0 tclass=chr_file permissive=1
05-30 10:38:57.440  2242  2242 W ContextImpl: Calling a method in the system process without a qualified user: android.app.ContextImpl.startService:1531 android.content.ContextWrapper.startService:664 android.content.ContextWrapper.startService:664 com.android.coreservice.CoreBroadcastReceiver.onReceive:70 android.app.ActivityThread.handleReceiver:3424 
05-30 10:38:57.444  1556  1569 I ActivityManager: Displayed org.pharmapro.pharmapro/org.kivy.android.PythonActivity: +1s119ms
05-30 10:38:57.449  2242  2242 W ContextImpl: Calling a method in the system process without a qualified user: android.app.ContextImpl.startService:1531 android.content.ContextWrapper.startService:664 android.content.ContextWrapper.startService:664 com.android.coreservice.CoreBroadcastReceiver.onReceive:70 android.app.ActivityThread.handleReceiver:3424 
05-30 10:38:57.453  1556  3753 I         : fastpipe: close connect
05-30 10:38:57.489  1423  2214 W SurfaceFlinger: Attempting to set client state on removed layer: Splash Screen org.pharmapro.pharmapro#0
05-30 10:38:57.489  1423  2214 W SurfaceFlinger: Attempting to destroy on removed layer: Splash Screen org.pharmapro.pharmapro#0
05-30 10:38:57.523  1556  2576 W SchedPolicy: add_tid_to_cgroup failed to write '1899' (No space left on device); fd=25
05-30 10:38:59.681  3731  3769 I python  : INFO:     Started server process [3731]
05-30 10:38:59.682  3731  3769 I python  : INFO:     Waiting for application startup.
05-30 10:38:59.684  3731  3769 I python  : INFO:     Application startup complete.
05-30 10:38:59.686  3731  3769 I python  : INFO:     Uvicorn running on http://0.0.0.0:5000 (Press CTRL+C to quit)
05-30 10:39:00.004  1556  2576 W SchedPolicy: add_tid_to_cgroup failed to write '2322' (No space left on device); fd=24
05-30 10:39:00.005  1556  2576 W SchedPolicy: add_tid_to_cgroup failed to write '2322' (No space left on device); fd=25
05-30 10:39:00.020  1706  1706 I RenderThread: type=1400 audit(0.0:859): avc: denied { ioctl } for path="/dev/fastpipe" dev="tmpfs" ino=3120 ioctlcmd=6867 scontext=u:r:platform_app:s0:c512,c768 tcontext=u:object_r:device:s0 tclass=chr_file permissive=1
05-30 10:39:02.433  1411  1476 D EmuHWC2 : sent 36 syncs in 60s
